Component: ARM Compiler 5.06 update 5 (build 528) Tool: armlink [4d35e2]

==============================================================================

Section Cross References

    asm04.o(RESET) refers to asm04.o(STACK) for __initial_sp
    asm04.o(RESET) refers to asm04.o(.text) for Reset_Handler
    asm04.o(RESET) refers to asm04.o(Handlers) for NMI_Handler
    asm04.o(.text) refers to asm04.o(MyData) for ans


==============================================================================

Image Symbol Table

    Local Symbols

    Symbol Name                              Value     Ov Type        Size  Object(Section)

    asm04.s                                  0x00000000   Number         0  asm04.o ABSOLUTE
    RESET                                    0x08000000   Section       64  asm04.o(RESET)
    .text                                    0x08000040   Section       32  asm04.o(.text)
    Handlers                                 0x08000060   Section       18  asm04.o(Handlers)
    MyData                                   0x20000000   Section        4  asm04.o(MyData)
    ans                                      0x20000000   Data           4  asm04.o(MyData)
    STACK                                    0x20000008   Section     1024  asm04.o(STACK)
    __initial_sp                             0x20000408   Data           0  asm04.o(STACK)

    Global Symbols

    Symbol Name                              Value     Ov Type        Size  Object(Section)

    BuildAttributes$$THM_ISAv4$P$D$K$B$S$PE$A:L22UL41UL21$X:L11$S22US41US21$IEEE1$IW$USESV6$~STKCKD$USESV7$~SHL$OSPACE$EBA8$STANDARDLIB$PRES8$EABIv2 0x00000000   Number         0  anon$$obj.o ABSOLUTE
    __Vectors                                0x08000000   Data           4  asm04.o(RESET)
    Reset_Handler                            0x08000041   Thumb Code    24  asm04.o(.text)
    NMI_Handler                              0x08000061   Thumb Code     2  asm04.o(Handlers)
    HardFault_Handler                        0x08000063   Thumb Code     2  asm04.o(Handlers)
    MemManage_Handler                        0x08000065   Thumb Code     2  asm04.o(Handlers)
    BusFault_Handler                         0x08000067   Thumb Code     2  asm04.o(Handlers)
    UsageFault_Handler                       0x08000069   Thumb Code     2  asm04.o(Handlers)
    SVC_Handler                              0x0800006b   Thumb Code     2  asm04.o(Handlers)
    DebugMon_Handler                         0x0800006d   Thumb Code     2  asm04.o(Handlers)
    PendSV_Handler                           0x0800006f   Thumb Code     2  asm04.o(Handlers)
    SysTick_Handler                          0x08000071   Thumb Code     2  asm04.o(Handlers)



==============================================================================

Memory Map of the image

  Image entry point : Not specified.

  Load Region LR_IROM1 (Base: 0x08000000, Size: 0x00000078, Max: 0x00020000, ABSOLUTE)

    Execution Region ER_IROM1 (Exec base: 0x08000000, Load base: 0x08000000, Size: 0x00000074, Max: 0x00020000, ABSOLUTE)

    Exec Addr    Load Addr    Size         Type   Attr      Idx    E Section Name        Object

    0x08000000   0x08000000   0x00000040   Data   RO            2    RESET               asm04.o
    0x08000040   0x08000040   0x00000020   Code   RO            3    .text               asm04.o
    0x08000060   0x08000060   0x00000012   Code   RO            5    Handlers            asm04.o


    Execution Region RW_IRAM1 (Exec base: 0x20000000, Load base: 0x08000074, Size: 0x00000408, Max: 0x00002000, ABSOLUTE)

    Exec Addr    Load Addr    Size         Type   Attr      Idx    E Section Name        Object

    0x20000000   0x08000074   0x00000004   Data   RW            4    MyData              asm04.o
    0x20000004   0x08000078   0x00000004   PAD
    0x20000008        -       0x00000400   Zero   RW            1    STACK               asm04.o


==============================================================================

Image component sizes


      Code (inc. data)   RO Data    RW Data    ZI Data      Debug   Object Name

        50          8         64          4       1024        940   asm04.o

    ----------------------------------------------------------------------
        52          8         64          4       1028        940   Object Totals
         0          0          0          0          0          0   (incl. Generated)
         2          0          0          0          4          0   (incl. Padding)

    ----------------------------------------------------------------------
         0          0          0          0          0          0   Library Totals
         0          0          0          0          0          0   (incl. Padding)

    ----------------------------------------------------------------------

==============================================================================


      Code (inc. data)   RO Data    RW Data    ZI Data      Debug   

        52          8         64          4       1028        888   Grand Totals
        52          8         64          4       1028        888   ELF Image Totals
        52          8         64          4          0          0   ROM Totals

==============================================================================

    Total RO  Size (Code + RO Data)                  116 (   0.11kB)
    Total RW  Size (RW Data + ZI Data)              1032 (   1.01kB)
    Total ROM Size (Code + RO Data + RW Data)        120 (   0.12kB)

==============================================================================

