Component: ARM Compiler 5.06 update 5 (build 528) Tool: armlink [4d35e2]

==============================================================================

Section Cross References

    asm_7segsw.o(RESET) refers to asm_7segsw.o(STACK) for __initial_sp
    asm_7segsw.o(RESET) refers to asm_7segsw.o(.text) for Reset_Handler
    asm_7segsw.o(RESET) refers to asm_7segsw.o(Handlers) for NMI_Handler


==============================================================================

Image Symbol Table

    Local Symbols

    Symbol Name                              Value     Ov Type        Size  Object(Section)

    asm_7segsw.s                             0x00000000   Number         0  asm_7segsw.o ABSOLUTE
    RESET                                    0x08000000   Section       64  asm_7segsw.o(RESET)
    .text                                    0x08000040   Section      124  asm_7segsw.o(.text)
    data                                     0x08000094   Data           0  asm_7segsw.o(.text)
    Handlers                                 0x080000bc   Section       18  asm_7segsw.o(Handlers)
    STACK                                    0x20000000   Section     1024  asm_7segsw.o(STACK)
    __initial_sp                             0x20000400   Data           0  asm_7segsw.o(STACK)

    Global Symbols

    Symbol Name                              Value     Ov Type        Size  Object(Section)

    BuildAttributes$$THM_ISAv4$P$D$K$B$S$PE$A:L22UL41UL21$X:L11$S22US41US21$IEEE1$IW$USESV6$~STKCKD$USESV7$~SHL$OSPACE$EBA8$STANDARDLIB$PRES8$EABIv2 0x00000000   Number         0  anon$$obj.o ABSOLUTE
    __Vectors                                0x08000000   Data           4  asm_7segsw.o(RESET)
    Reset_Handler                            0x08000041   Thumb Code    84  asm_7segsw.o(.text)
    NMI_Handler                              0x080000bd   Thumb Code     2  asm_7segsw.o(Handlers)
    HardFault_Handler                        0x080000bf   Thumb Code     2  asm_7segsw.o(Handlers)
    MemManage_Handler                        0x080000c1   Thumb Code     2  asm_7segsw.o(Handlers)
    BusFault_Handler                         0x080000c3   Thumb Code     2  asm_7segsw.o(Handlers)
    UsageFault_Handler                       0x080000c5   Thumb Code     2  asm_7segsw.o(Handlers)
    SVC_Handler                              0x080000c7   Thumb Code     2  asm_7segsw.o(Handlers)
    DebugMon_Handler                         0x080000c9   Thumb Code     2  asm_7segsw.o(Handlers)
    PendSV_Handler                           0x080000cb   Thumb Code     2  asm_7segsw.o(Handlers)
    SysTick_Handler                          0x080000cd   Thumb Code     2  asm_7segsw.o(Handlers)



==============================================================================

Memory Map of the image

  Image entry point : Not specified.

  Load Region LR_IROM1 (Base: 0x08000000, Size: 0x000000d0, Max: 0x00020000, ABSOLUTE)

    Execution Region ER_IROM1 (Exec base: 0x08000000, Load base: 0x08000000, Size: 0x000000d0, Max: 0x00020000, ABSOLUTE)

    Exec Addr    Load Addr    Size         Type   Attr      Idx    E Section Name        Object

    0x08000000   0x08000000   0x00000040   Data   RO            2    RESET               asm_7segsw.o
    0x08000040   0x08000040   0x0000007c   Code   RO            3    .text               asm_7segsw.o
    0x080000bc   0x080000bc   0x00000012   Code   RO            4    Handlers            asm_7segsw.o


    Execution Region RW_IRAM1 (Exec base: 0x20000000, Load base: 0x080000d0, Size: 0x00000400, Max: 0x00002000, ABSOLUTE)

    Exec Addr    Load Addr    Size         Type   Attr      Idx    E Section Name        Object

    0x20000000        -       0x00000400   Zero   RW            1    STACK               asm_7segsw.o


==============================================================================

Image component sizes


      Code (inc. data)   RO Data    RW Data    ZI Data      Debug   Object Name

       142         40         64          0       1024        976   asm_7segsw.o

    ----------------------------------------------------------------------
       144         40         64          0       1024        976   Object Totals
         0          0          0          0          0          0   (incl. Generated)
         2          0          0          0          0          0   (incl. Padding)

    ----------------------------------------------------------------------
         0          0          0          0          0          0   Library Totals
         0          0          0          0          0          0   (incl. Padding)

    ----------------------------------------------------------------------

==============================================================================


      Code (inc. data)   RO Data    RW Data    ZI Data      Debug   

       144         40         64          0       1024        924   Grand Totals
       144         40         64          0       1024        924   ELF Image Totals
       144         40         64          0          0          0   ROM Totals

==============================================================================

    Total RO  Size (Code + RO Data)                  208 (   0.20kB)
    Total RW  Size (RW Data + ZI Data)              1024 (   1.00kB)
    Total ROM Size (Code + RO Data + RW Data)        208 (   0.20kB)

==============================================================================

