Component: ARM Compiler 5.06 update 5 (build 528) Tool: armlink [4d35e2]

==============================================================================

Section Cross References

    asm06.o(RESET) refers to asm06.o(STACK) for __initial_sp
    asm06.o(RESET) refers to asm06.o(.text) for Reset_Handler
    asm06.o(RESET) refers to asm06.o(Handlers) for NMI_Handler
    asm06.o(.text) refers to asm06.o(MyData) for ans


==============================================================================

Image Symbol Table

    Local Symbols

    Symbol Name                              Value     Ov Type        Size  Object(Section)

    asm06.s                                  0x00000000   Number         0  asm06.o ABSOLUTE
    RESET                                    0x08000000   Section       64  asm06.o(RESET)
    .text                                    0x08000040   Section       44  asm06.o(.text)
    Handlers                                 0x0800006c   Section       18  asm06.o(Handlers)
    MyData                                   0x20000000   Section       20  asm06.o(MyData)
    ans                                      0x20000000   Data           4  asm06.o(MyData)
    STACK                                    0x20000018   Section     1024  asm06.o(STACK)
    __initial_sp                             0x20000418   Data           0  asm06.o(STACK)

    Global Symbols

    Symbol Name                              Value     Ov Type        Size  Object(Section)

    BuildAttributes$$THM_ISAv4$P$D$K$B$S$PE$A:L22UL41UL21$X:L11$S22US41US21$IEEE1$IW$USESV6$~STKCKD$USESV7$~SHL$OSPACE$EBA8$STANDARDLIB$PRES8$EABIv2 0x00000000   Number         0  anon$$obj.o ABSOLUTE
    __Vectors                                0x08000000   Data           4  asm06.o(RESET)
    Reset_Handler                            0x08000041   Thumb Code    40  asm06.o(.text)
    NMI_Handler                              0x0800006d   Thumb Code     2  asm06.o(Handlers)
    HardFault_Handler                        0x0800006f   Thumb Code     2  asm06.o(Handlers)
    MemManage_Handler                        0x08000071   Thumb Code     2  asm06.o(Handlers)
    BusFault_Handler                         0x08000073   Thumb Code     2  asm06.o(Handlers)
    UsageFault_Handler                       0x08000075   Thumb Code     2  asm06.o(Handlers)
    SVC_Handler                              0x08000077   Thumb Code     2  asm06.o(Handlers)
    DebugMon_Handler                         0x08000079   Thumb Code     2  asm06.o(Handlers)
    PendSV_Handler                           0x0800007b   Thumb Code     2  asm06.o(Handlers)
    SysTick_Handler                          0x0800007d   Thumb Code     2  asm06.o(Handlers)



==============================================================================

Memory Map of the image

  Image entry point : Not specified.

  Load Region LR_IROM1 (Base: 0x08000000, Size: 0x00000094, Max: 0x00020000, ABSOLUTE)

    Execution Region ER_IROM1 (Exec base: 0x08000000, Load base: 0x08000000, Size: 0x00000080, Max: 0x00020000, ABSOLUTE)

    Exec Addr    Load Addr    Size         Type   Attr      Idx    E Section Name        Object

    0x08000000   0x08000000   0x00000040   Data   RO            2    RESET               asm06.o
    0x08000040   0x08000040   0x0000002c   Code   RO            3    .text               asm06.o
    0x0800006c   0x0800006c   0x00000012   Code   RO            5    Handlers            asm06.o


    Execution Region RW_IRAM1 (Exec base: 0x20000000, Load base: 0x08000080, Size: 0x00000418, Max: 0x00002000, ABSOLUTE)

    Exec Addr    Load Addr    Size         Type   Attr      Idx    E Section Name        Object

    0x20000000   0x08000080   0x00000014   Data   RW            4    MyData              asm06.o
    0x20000014   0x08000094   0x00000004   PAD
    0x20000018        -       0x00000400   Zero   RW            1    STACK               asm06.o


==============================================================================

Image component sizes


      Code (inc. data)   RO Data    RW Data    ZI Data      Debug   Object Name

        62          4         64         20       1024        948   asm06.o

    ----------------------------------------------------------------------
        64          4         64         20       1028        948   Object Totals
         0          0          0          0          0          0   (incl. Generated)
         2          0          0          0          4          0   (incl. Padding)

    ----------------------------------------------------------------------
         0          0          0          0          0          0   Library Totals
         0          0          0          0          0          0   (incl. Padding)

    ----------------------------------------------------------------------

==============================================================================


      Code (inc. data)   RO Data    RW Data    ZI Data      Debug   

        64          4         64         20       1028        896   Grand Totals
        64          4         64         20       1028        896   ELF Image Totals
        64          4         64         20          0          0   ROM Totals

==============================================================================

    Total RO  Size (Code + RO Data)                  128 (   0.13kB)
    Total RW  Size (RW Data + ZI Data)              1048 (   1.02kB)
    Total ROM Size (Code + RO Data + RW Data)        148 (   0.14kB)

==============================================================================

