Component: ARM Compiler 5.06 update 5 (build 528) Tool: armlink [4d35e2]

==============================================================================

Section Cross References

    asm01.o(RESET) refers to asm01.o(STACK) for __initial_sp
    asm01.o(RESET) refers to asm01.o(.text) for Reset_Handler
    asm01.o(RESET) refers to asm01.o(Handlers) for NMI_Handler


==============================================================================

Image Symbol Table

    Local Symbols

    Symbol Name                              Value     Ov Type        Size  Object(Section)

    asm01.s                                  0x00000000   Number         0  asm01.o ABSOLUTE
    RESET                                    0x08000000   Section       64  asm01.o(RESET)
    .text                                    0x08000040   Section       40  asm01.o(.text)
    Handlers                                 0x08000068   Section       18  asm01.o(Handlers)
    STACK                                    0x20000000   Section     1024  asm01.o(STACK)
    __initial_sp                             0x20000400   Data           0  asm01.o(STACK)

    Global Symbols

    Symbol Name                              Value     Ov Type        Size  Object(Section)

    BuildAttributes$$THM_ISAv4$P$D$K$B$S$PE$A:L22UL41UL21$X:L11$S22US41US21$IEEE1$IW$USESV6$~STKCKD$USESV7$~SHL$OSPACE$EBA8$STANDARDLIB$PRES8$EABIv2 0x00000000   Number         0  anon$$obj.o ABSOLUTE
    __Vectors                                0x08000000   Data           4  asm01.o(RESET)
    Reset_Handler                            0x08000041   Thumb Code    40  asm01.o(.text)
    NMI_Handler                              0x08000069   Thumb Code     2  asm01.o(Handlers)
    HardFault_Handler                        0x0800006b   Thumb Code     2  asm01.o(Handlers)
    MemManage_Handler                        0x0800006d   Thumb Code     2  asm01.o(Handlers)
    BusFault_Handler                         0x0800006f   Thumb Code     2  asm01.o(Handlers)
    UsageFault_Handler                       0x08000071   Thumb Code     2  asm01.o(Handlers)
    SVC_Handler                              0x08000073   Thumb Code     2  asm01.o(Handlers)
    DebugMon_Handler                         0x08000075   Thumb Code     2  asm01.o(Handlers)
    PendSV_Handler                           0x08000077   Thumb Code     2  asm01.o(Handlers)
    SysTick_Handler                          0x08000079   Thumb Code     2  asm01.o(Handlers)



==============================================================================

Memory Map of the image

  Image entry point : Not specified.

  Load Region LR_IROM1 (Base: 0x08000000, Size: 0x0000007c, Max: 0x00020000, ABSOLUTE)

    Execution Region ER_IROM1 (Exec base: 0x08000000, Load base: 0x08000000, Size: 0x0000007c, Max: 0x00020000, ABSOLUTE)

    Exec Addr    Load Addr    Size         Type   Attr      Idx    E Section Name        Object

    0x08000000   0x08000000   0x00000040   Data   RO            2    RESET               asm01.o
    0x08000040   0x08000040   0x00000028   Code   RO            3    .text               asm01.o
    0x08000068   0x08000068   0x00000012   Code   RO            4    Handlers            asm01.o


    Execution Region RW_IRAM1 (Exec base: 0x20000000, Load base: 0x0800007c, Size: 0x00000400, Max: 0x00002000, ABSOLUTE)

    Exec Addr    Load Addr    Size         Type   Attr      Idx    E Section Name        Object

    0x20000000        -       0x00000400   Zero   RW            1    STACK               asm01.o


==============================================================================

Image component sizes


      Code (inc. data)   RO Data    RW Data    ZI Data      Debug   Object Name

        58          0         64          0       1024        944   asm01.o

    ----------------------------------------------------------------------
        60          0         64          0       1024        944   Object Totals
         0          0          0          0          0          0   (incl. Generated)
         2          0          0          0          0          0   (incl. Padding)

    ----------------------------------------------------------------------
         0          0          0          0          0          0   Library Totals
         0          0          0          0          0          0   (incl. Padding)

    ----------------------------------------------------------------------

==============================================================================


      Code (inc. data)   RO Data    RW Data    ZI Data      Debug   

        60          0         64          0       1024        892   Grand Totals
        60          0         64          0       1024        892   ELF Image Totals
        60          0         64          0          0          0   ROM Totals

==============================================================================

    Total RO  Size (Code + RO Data)                  124 (   0.12kB)
    Total RW  Size (RW Data + ZI Data)              1024 (   1.00kB)
    Total ROM Size (Code + RO Data + RW Data)        124 (   0.12kB)

==============================================================================

