Component: ARM Compiler 5.06 update 5 (build 528) Tool: armlink [4d35e2]

==============================================================================

Section Cross References

    tbl.1.o(RESET) refers to tbl.1.o(STACK) for __initial_sp
    tbl.1.o(RESET) refers to tbl.1.o(.text) for Reset_Handler
    tbl.1.o(RESET) refers to tbl.1.o(Handlers) for NMI_Handler


==============================================================================

Image Symbol Table

    Local Symbols

    Symbol Name                              Value     Ov Type        Size  Object(Section)

    tbl.1.s                                  0x00000000   Number         0  tbl.1.o ABSOLUTE
    RESET                                    0x08000000   Section       64  tbl.1.o(RESET)
    .text                                    0x08000040   Section      284  tbl.1.o(.text)
    data                                     0x080000a4   Data           4  tbl.1.o(.text)
    dataend                                  0x08000140   Data           0  tbl.1.o(.text)
    Handlers                                 0x0800015c   Section       18  tbl.1.o(Handlers)
    STACK                                    0x20000000   Section     1024  tbl.1.o(STACK)
    __initial_sp                             0x20000400   Data           0  tbl.1.o(STACK)

    Global Symbols

    Symbol Name                              Value     Ov Type        Size  Object(Section)

    BuildAttributes$$THM_ISAv4$P$D$K$B$S$PE$A:L22UL41UL21$X:L11$S22US41US21$IEEE1$IW$USESV6$~STKCKD$USESV7$~SHL$OSPACE$EBA8$STANDARDLIB$PRES8$EABIv2 0x00000000   Number         0  anon$$obj.o ABSOLUTE
    __Vectors                                0x08000000   Data           4  tbl.1.o(RESET)
    Reset_Handler                            0x08000041   Thumb Code   100  tbl.1.o(.text)
    NMI_Handler                              0x0800015d   Thumb Code     2  tbl.1.o(Handlers)
    HardFault_Handler                        0x0800015f   Thumb Code     2  tbl.1.o(Handlers)
    MemManage_Handler                        0x08000161   Thumb Code     2  tbl.1.o(Handlers)
    BusFault_Handler                         0x08000163   Thumb Code     2  tbl.1.o(Handlers)
    UsageFault_Handler                       0x08000165   Thumb Code     2  tbl.1.o(Handlers)
    SVC_Handler                              0x08000167   Thumb Code     2  tbl.1.o(Handlers)
    DebugMon_Handler                         0x08000169   Thumb Code     2  tbl.1.o(Handlers)
    PendSV_Handler                           0x0800016b   Thumb Code     2  tbl.1.o(Handlers)
    SysTick_Handler                          0x0800016d   Thumb Code     2  tbl.1.o(Handlers)



==============================================================================

Memory Map of the image

  Image entry point : Not specified.

  Load Region LR_IROM1 (Base: 0x08000000, Size: 0x00000170, Max: 0x00020000, ABSOLUTE)

    Execution Region ER_IROM1 (Exec base: 0x08000000, Load base: 0x08000000, Size: 0x00000170, Max: 0x00020000, ABSOLUTE)

    Exec Addr    Load Addr    Size         Type   Attr      Idx    E Section Name        Object

    0x08000000   0x08000000   0x00000040   Data   RO            2    RESET               tbl.1.o
    0x08000040   0x08000040   0x0000011c   Code   RO            3    .text               tbl.1.o
    0x0800015c   0x0800015c   0x00000012   Code   RO            4    Handlers            tbl.1.o


    Execution Region RW_IRAM1 (Exec base: 0x20000000, Load base: 0x08000170, Size: 0x00000400, Max: 0x00002000, ABSOLUTE)

    Exec Addr    Load Addr    Size         Type   Attr      Idx    E Section Name        Object

    0x20000000        -       0x00000400   Zero   RW            1    STACK               tbl.1.o


==============================================================================

Image component sizes


      Code (inc. data)   RO Data    RW Data    ZI Data      Debug   Object Name

       302        184         64          0       1024        948   tbl.1.o

    ----------------------------------------------------------------------
       304        184         64          0       1024        948   Object Totals
         0          0          0          0          0          0   (incl. Generated)
         2          0          0          0          0          0   (incl. Padding)

    ----------------------------------------------------------------------
         0          0          0          0          0          0   Library Totals
         0          0          0          0          0          0   (incl. Padding)

    ----------------------------------------------------------------------

==============================================================================


      Code (inc. data)   RO Data    RW Data    ZI Data      Debug   

       304        184         64          0       1024        896   Grand Totals
       304        184         64          0       1024        896   ELF Image Totals
       304        184         64          0          0          0   ROM Totals

==============================================================================

    Total RO  Size (Code + RO Data)                  368 (   0.36kB)
    Total RW  Size (RW Data + ZI Data)              1024 (   1.00kB)
    Total ROM Size (Code + RO Data + RW Data)        368 (   0.36kB)

==============================================================================

