Component: ARM Compiler 5.06 update 5 (build 528) Tool: armlink [4d35e2]

==============================================================================

Section Cross References

    asm_7seg.o(RESET) refers to asm_7seg.o(STACK) for __initial_sp
    asm_7seg.o(RESET) refers to asm_7seg.o(.text) for Reset_Handler
    asm_7seg.o(RESET) refers to asm_7seg.o(Handlers) for NMI_Handler


==============================================================================

Image Symbol Table

    Local Symbols

    Symbol Name                              Value     Ov Type        Size  Object(Section)

    asm_7seg.s                               0x00000000   Number         0  asm_7seg.o ABSOLUTE
    RESET                                    0x08000000   Section       64  asm_7seg.o(RESET)
    .text                                    0x08000040   Section      684  asm_7seg.o(.text)
    Handlers                                 0x080002ec   Section       18  asm_7seg.o(Handlers)
    STACK                                    0x20000000   Section     1024  asm_7seg.o(STACK)
    __initial_sp                             0x20000400   Data           0  asm_7seg.o(STACK)

    Global Symbols

    Symbol Name                              Value     Ov Type        Size  Object(Section)

    BuildAttributes$$THM_ISAv4$P$D$K$B$S$PE$A:L22UL41UL21$X:L11$S22US41US21$IEEE1$IW$USESV6$~STKCKD$USESV7$~SHL$OSPACE$EBA8$STANDARDLIB$PRES8$EABIv2 0x00000000   Number         0  anon$$obj.o ABSOLUTE
    __Vectors                                0x08000000   Data           4  asm_7seg.o(RESET)
    Reset_Handler                            0x08000041   Thumb Code   670  asm_7seg.o(.text)
    NMI_Handler                              0x080002ed   Thumb Code     2  asm_7seg.o(Handlers)
    HardFault_Handler                        0x080002ef   Thumb Code     2  asm_7seg.o(Handlers)
    MemManage_Handler                        0x080002f1   Thumb Code     2  asm_7seg.o(Handlers)
    BusFault_Handler                         0x080002f3   Thumb Code     2  asm_7seg.o(Handlers)
    UsageFault_Handler                       0x080002f5   Thumb Code     2  asm_7seg.o(Handlers)
    SVC_Handler                              0x080002f7   Thumb Code     2  asm_7seg.o(Handlers)
    DebugMon_Handler                         0x080002f9   Thumb Code     2  asm_7seg.o(Handlers)
    PendSV_Handler                           0x080002fb   Thumb Code     2  asm_7seg.o(Handlers)
    SysTick_Handler                          0x080002fd   Thumb Code     2  asm_7seg.o(Handlers)



==============================================================================

Memory Map of the image

  Image entry point : Not specified.

  Load Region LR_IROM1 (Base: 0x08000000, Size: 0x00000300, Max: 0x00020000, ABSOLUTE)

    Execution Region ER_IROM1 (Exec base: 0x08000000, Load base: 0x08000000, Size: 0x00000300, Max: 0x00020000, ABSOLUTE)

    Exec Addr    Load Addr    Size         Type   Attr      Idx    E Section Name        Object

    0x08000000   0x08000000   0x00000040   Data   RO            2    RESET               asm_7seg.o
    0x08000040   0x08000040   0x000002ac   Code   RO            3    .text               asm_7seg.o
    0x080002ec   0x080002ec   0x00000012   Code   RO            4    Handlers            asm_7seg.o


    Execution Region RW_IRAM1 (Exec base: 0x20000000, Load base: 0x08000300, Size: 0x00000400, Max: 0x00002000, ABSOLUTE)

    Exec Addr    Load Addr    Size         Type   Attr      Idx    E Section Name        Object

    0x20000000        -       0x00000400   Zero   RW            1    STACK               asm_7seg.o


==============================================================================

Image component sizes


      Code (inc. data)   RO Data    RW Data    ZI Data      Debug   Object Name

       702         14         64          0       1024       1112   asm_7seg.o

    ----------------------------------------------------------------------
       704         14         64          0       1024       1112   Object Totals
         0          0          0          0          0          0   (incl. Generated)
         2          0          0          0          0          0   (incl. Padding)

    ----------------------------------------------------------------------
         0          0          0          0          0          0   Library Totals
         0          0          0          0          0          0   (incl. Padding)

    ----------------------------------------------------------------------

==============================================================================


      Code (inc. data)   RO Data    RW Data    ZI Data      Debug   

       704         14         64          0       1024       1060   Grand Totals
       704         14         64          0       1024       1060   ELF Image Totals
       704         14         64          0          0          0   ROM Totals

==============================================================================

    Total RO  Size (Code + RO Data)                  768 (   0.75kB)
    Total RW  Size (RW Data + ZI Data)              1024 (   1.00kB)
    Total ROM Size (Code + RO Data + RW Data)        768 (   0.75kB)

==============================================================================

